---
source: tests/smoke-mock.rs
expression: "&msg"

---
[
    2,
    2,
    1,
    0,
]
