---
source: tests/smoke-mock.rs
expression: "&deser_msg"

---
ReadPin(
    ReadLevel {
        pin: Blue,
    },
)
