---
source: tests/smoke-mock.rs
expression: "&deser_msg"

---
SetPin(
    SetLevel {
        pin: Red,
        level: Low,
    },
)
