---
source: tests/smoke-mock.rs
expression: "&msg"

---
[
    3,
    1,
    1,
    1,
    0,
]
