---
source: tests/smoke-mock.rs
expression: "&msg"

---
[
    3,
    2,
    3,
    0,
]
