---
source: tests/smoke-mock.rs
expression: "&deser_msg"

---
SendUsart {
    mode: Dma,
    data: [
        254,
        237,
        218,
        122,
    ],
}
