---
source: tests/smoke-mock.rs
expression: "&deser_msg"

---
SetPin(
    SetLevel {
        pin: Pin5,
        level: High,
    },
)
